1
2
3
1234
4
5
6
4321
42
24
12
"4"
"2"
"6"
45
error: "foo" Failure("int_of_string")
76
channel 2: 42
mux (0, 32)
channel 1: 17
mux (1, 23)
